../Core/Src/main.c:39:6:HAL_TIM_PeriodElapsedCallback	16	static
../Core/Src/main.c:73:5:main	216	static
../Core/Src/main.c:191:6:SystemClock_Config	88	static
../Core/Src/main.c:238:13:MX_ADC1_Init	24	static
../Core/Src/main.c:285:13:MX_TIM1_Init	96	static
../Core/Src/main.c:360:13:MX_TIM2_Init	32	static
../Core/Src/main.c:406:13:MX_TIM3_Init	32	static
../Core/Src/main.c:457:13:MX_USART1_UART_Init	8	static
../Core/Src/main.c:490:13:MX_GPIO_Init	40	static
../Core/Src/main.c:545:6:Error_Handler	4	static,ignoring_inline_asm
